// Jest Snapshot v1, https://goo.gl/fbAQLP

exports[`PanelStop.vue matches the snapshot 1`] = `
<div
  class="root"
>
  <div
    class="head"
  >
    <div
      class="icon"
    >
      <svg
        viewBox="0 0 50 50"
        xmlns="http://www.w3.org/2000/svg"
      >
        <path
          d="M25 0a25 25 0 1 0 25 24.984C49.991 11.184 38.801 0 25 0"
          fill="#ffdb1b"
        />
         
        <path
          d="M39.063 13.75H17.5v-2.813a.94.94 0 0 0-.938-.937h-1.875a.94.94 0 0 0-.937.938v2.812h-2.813a.94.94 0 0 0-.937.938v1.874a.94.94 0 0 0 .938.938h2.812v21.563a.94.94 0 0 0 .938.937h1.874a.94.94 0 0 0 .938-.938V17.5h21.563a.94.94 0 0 0 .937-.938v-1.875a.94.94 0 0 0-.938-.937zM19.375 32.5h18.75V19.375h-18.75V32.5z"
          fill="currentColor"
          style="color: rgb(0, 17, 32);"
        />
      </svg>
    </div>
     
    <h1
      class="title"
    >
      <small
        class="prefix"
      >
        
    Stop
  
      </small>
       SC1234
    </h1>
     
    <div
      class="buttons"
    >
      <button
        aria-label="home"
        class="root icon"
      >
        <svg
          style="color: rgb(255, 219, 27);"
          viewBox="0 0 30 30"
          xmlns="http://www.w3.org/2000/svg"
        >
          <path
            d="M15 15L29 1 15 15 1 1l14 14zm0 0L1 29l14-14 14 14-14-14z"
            fill="none"
            stroke="currentColor"
            stroke-linecap="round"
            stroke-linejoin="round"
            stroke-width="2"
          />
        </svg>
      </button>
    </div>
     
    <p
      class="subtitle"
    >
      SNXXXX
    </p>
  </div>
   
  <div
    class="body"
  >
    <ul
      class="routeList"
    >
      <li
        class="route"
        style="border-left-color: #8fc240;"
      >
        <router-link-stub
          class="routeLink"
          to="[object Object]"
        >
          <span
            class="routeName"
          >
            NX1
          </span>
        </router-link-stub>
      </li>
      <li
        class="route"
        style="border-left-color: #00a3da;"
      >
        <router-link-stub
          class="routeLink"
          to="[object Object]"
        >
          <span
            class="routeName"
          >
            NX2
          </span>
        </router-link-stub>
      </li>
    </ul>
  </div>
</div>
`;
