// Jest Snapshot v1, https://goo.gl/fbAQLP

exports[`IconCross.vue matches the snapshot 1`] = `
<svg
  viewBox="0 0 30 30"
  xmlns="http://www.w3.org/2000/svg"
>
  <path
    d="M15 15L29 1 15 15 1 1l14 14zm0 0L1 29l14-14 14 14-14-14z"
    fill="none"
    stroke="#ffdb1b"
    stroke-linecap="round"
    stroke-linejoin="round"
    stroke-width="2"
  />
</svg>
`;
